// Jest Snapshot v1, https://jestjs.io/docs/snapshot-testing

exports[`YoutubeEmbed Component should render correctly 1`] = `
<body>
  <div />
</body>
`;
